Archive member included to satisfy reference by file (symbol)

C:/ST/STM32CubeIDE_1.16.0/STM32CubeIDE/plugins/com.st.stm32cube.ide.mcu.externaltools.gnu-tools-for-stm32.12.3.rel1.win32_1.0.200.202406191623/tools/bin/../lib/gcc/arm-none-eabi/12.3.1/../../../../arm-none-eabi/lib/thumb/v7e-m+fp/hard\libc_nano.a(libc_a-exit.o)
                              C:/ST/STM32CubeIDE_1.16.0/STM32CubeIDE/plugins/com.st.stm32cube.ide.mcu.externaltools.gnu-tools-for-stm32.12.3.rel1.win32_1.0.200.202406191623/tools/bin/../lib/gcc/arm-none-eabi/12.3.1/../../../../arm-none-eabi/lib/thumb/v7e-m+fp/hard/crt0.o (exit)
C:/ST/STM32CubeIDE_1.16.0/STM32CubeIDE/plugins/com.st.stm32cube.ide.mcu.externaltools.gnu-tools-for-stm32.12.3.rel1.win32_1.0.200.202406191623/tools/bin/../lib/gcc/arm-none-eabi/12.3.1/../../../../arm-none-eabi/lib/thumb/v7e-m+fp/hard\libc_nano.a(libc_a-findfp.o)
                              C:/ST/STM32CubeIDE_1.16.0/STM32CubeIDE/plugins/com.st.stm32cube.ide.mcu.externaltools.gnu-tools-for-stm32.12.3.rel1.win32_1.0.200.202406191623/tools/bin/../lib/gcc/arm-none-eabi/12.3.1/../../../../arm-none-eabi/lib/thumb/v7e-m+fp/hard\libc_nano.a(libc_a-exit.o) (__stdio_exit_handler)
C:/ST/STM32CubeIDE_1.16.0/STM32CubeIDE/plugins/com.st.stm32cube.ide.mcu.externaltools.gnu-tools-for-stm32.12.3.rel1.win32_1.0.200.202406191623/tools/bin/../lib/gcc/arm-none-eabi/12.3.1/../../../../arm-none-eabi/lib/thumb/v7e-m+fp/hard\libc_nano.a(libc_a-fwalk.o)
                              C:/ST/STM32CubeIDE_1.16.0/STM32CubeIDE/plugins/com.st.stm32cube.ide.mcu.externaltools.gnu-tools-for-stm32.12.3.rel1.win32_1.0.200.202406191623/tools/bin/../lib/gcc/arm-none-eabi/12.3.1/../../../../arm-none-eabi/lib/thumb/v7e-m+fp/hard\libc_nano.a(libc_a-findfp.o) (_fwalk_sglue)
C:/ST/STM32CubeIDE_1.16.0/STM32CubeIDE/plugins/com.st.stm32cube.ide.mcu.externaltools.gnu-tools-for-stm32.12.3.rel1.win32_1.0.200.202406191623/tools/bin/../lib/gcc/arm-none-eabi/12.3.1/../../../../arm-none-eabi/lib/thumb/v7e-m+fp/hard\libc_nano.a(libc_a-stdio.o)
                              C:/ST/STM32CubeIDE_1.16.0/STM32CubeIDE/plugins/com.st.stm32cube.ide.mcu.externaltools.gnu-tools-for-stm32.12.3.rel1.win32_1.0.200.202406191623/tools/bin/../lib/gcc/arm-none-eabi/12.3.1/../../../../arm-none-eabi/lib/thumb/v7e-m+fp/hard\libc_nano.a(libc_a-findfp.o) (__sread)
C:/ST/STM32CubeIDE_1.16.0/STM32CubeIDE/plugins/com.st.stm32cube.ide.mcu.externaltools.gnu-tools-for-stm32.12.3.rel1.win32_1.0.200.202406191623/tools/bin/../lib/gcc/arm-none-eabi/12.3.1/../../../../arm-none-eabi/lib/thumb/v7e-m+fp/hard\libc_nano.a(libc_a-memset.o)
                              C:/ST/STM32CubeIDE_1.16.0/STM32CubeIDE/plugins/com.st.stm32cube.ide.mcu.externaltools.gnu-tools-for-stm32.12.3.rel1.win32_1.0.200.202406191623/tools/bin/../lib/gcc/arm-none-eabi/12.3.1/../../../../arm-none-eabi/lib/thumb/v7e-m+fp/hard/crt0.o (memset)
C:/ST/STM32CubeIDE_1.16.0/STM32CubeIDE/plugins/com.st.stm32cube.ide.mcu.externaltools.gnu-tools-for-stm32.12.3.rel1.win32_1.0.200.202406191623/tools/bin/../lib/gcc/arm-none-eabi/12.3.1/../../../../arm-none-eabi/lib/thumb/v7e-m+fp/hard\libc_nano.a(libc_a-closer.o)
                              C:/ST/STM32CubeIDE_1.16.0/STM32CubeIDE/plugins/com.st.stm32cube.ide.mcu.externaltools.gnu-tools-for-stm32.12.3.rel1.win32_1.0.200.202406191623/tools/bin/../lib/gcc/arm-none-eabi/12.3.1/../../../../arm-none-eabi/lib/thumb/v7e-m+fp/hard\libc_nano.a(libc_a-stdio.o) (_close_r)
C:/ST/STM32CubeIDE_1.16.0/STM32CubeIDE/plugins/com.st.stm32cube.ide.mcu.externaltools.gnu-tools-for-stm32.12.3.rel1.win32_1.0.200.202406191623/tools/bin/../lib/gcc/arm-none-eabi/12.3.1/../../../../arm-none-eabi/lib/thumb/v7e-m+fp/hard\libc_nano.a(libc_a-reent.o)
                              C:/ST/STM32CubeIDE_1.16.0/STM32CubeIDE/plugins/com.st.stm32cube.ide.mcu.externaltools.gnu-tools-for-stm32.12.3.rel1.win32_1.0.200.202406191623/tools/bin/../lib/gcc/arm-none-eabi/12.3.1/../../../../arm-none-eabi/lib/thumb/v7e-m+fp/hard\libc_nano.a(libc_a-closer.o) (errno)
C:/ST/STM32CubeIDE_1.16.0/STM32CubeIDE/plugins/com.st.stm32cube.ide.mcu.externaltools.gnu-tools-for-stm32.12.3.rel1.win32_1.0.200.202406191623/tools/bin/../lib/gcc/arm-none-eabi/12.3.1/../../../../arm-none-eabi/lib/thumb/v7e-m+fp/hard\libc_nano.a(libc_a-impure.o)
                              C:/ST/STM32CubeIDE_1.16.0/STM32CubeIDE/plugins/com.st.stm32cube.ide.mcu.externaltools.gnu-tools-for-stm32.12.3.rel1.win32_1.0.200.202406191623/tools/bin/../lib/gcc/arm-none-eabi/12.3.1/../../../../arm-none-eabi/lib/thumb/v7e-m+fp/hard\libc_nano.a(libc_a-reent.o) (_impure_ptr)
C:/ST/STM32CubeIDE_1.16.0/STM32CubeIDE/plugins/com.st.stm32cube.ide.mcu.externaltools.gnu-tools-for-stm32.12.3.rel1.win32_1.0.200.202406191623/tools/bin/../lib/gcc/arm-none-eabi/12.3.1/../../../../arm-none-eabi/lib/thumb/v7e-m+fp/hard\libc_nano.a(libc_a-lseekr.o)
[...]
Memory Configuration

Name             Origin             Length             Attributes
CCMRAM           0x10000000         0x00010000         xrw
RAM              0x20000000         0x00020000         xrw
FLASH            0x08000000         0x00100000         xr
*default*        0x00000000         0xffffffff

Linker script and memory map

LOAD C:/ST/STM32CubeIDE_1.16.0/STM32CubeIDE/plugins/com.st.stm32cube.ide.mcu.externaltools.gnu-tools-for-stm32.12.3.rel1.win32_1.0.200.202406191623/tools/bin/../lib/gcc/arm-none-eabi/12.3.1/thumb/v7e-m+fp/hard/crti.o
LOAD C:/ST/STM32CubeIDE_1.16.0/STM32CubeIDE/plugins/com.st.stm32cube.ide.mcu.externaltools.gnu-tools-for-stm32.12.3.rel1.win32_1.0.200.202406191623/tools/bin/../lib/gcc/arm-none-eabi/12.3.1/thumb/v7e-m+fp/hard/crtbegin.o
LOAD C:/ST/STM32CubeIDE_1.16.0/STM32CubeIDE/plugins/com.st.stm32cube.ide.mcu.externaltools.gnu-tools-for-stm32.12.3.rel1.win32_1.0.200.202406191623/tools/bin/../lib/gcc/arm-none-eabi/12.3.1/../../../../arm-none-eabi/lib/thumb/v7e-m+fp/hard/crt0.o
LOAD ./Core/Src/main.o
LOAD ./Core/Src/stm32f4xx_hal_msp.o
LOAD ./Core/Src/stm32f4xx_it.o
LOAD ./Core/Src/syscalls.o
LOAD ./Core/Src/sysmem.o
LOAD ./Core/Src/system_stm32f4xx.o
LOAD ./Core/Startup/startup_stm32f407vgtx.o
LOAD ./Drivers/STM32F4xx_HAL_Driver/Src/stm32f4xx_hal.o
LOAD ./Drivers/STM32F4xx_HAL_Driver/Src/stm32f4xx_hal_cortex.o
LOAD ./Drivers/STM32F4xx_HAL_Driver/Src/stm32f4xx_hal_dma.o
LOAD ./Drivers/STM32F4xx_HAL_Driver/Src/stm32f4xx_hal_dma_ex.o
LOAD ./Drivers/STM32F4xx_HAL_Driver/Src/stm32f4xx_hal_exti.o
LOAD ./Drivers/STM32F4xx_HAL_Driver/Src/stm32f4xx_hal_flash.o
LOAD ./Drivers/STM32F4xx_HAL_Driver/Src/stm32f4xx_hal_flash_ex.o
LOAD ./Drivers/STM32F4xx_HAL_Driver/Src/stm32f4xx_hal_flash_ramfunc.o
LOAD ./Drivers/STM32F4xx_HAL_Driver/Src/stm32f4xx_hal_gpio.o
LOAD ./Drivers/STM32F4xx_HAL_Driver/Src/stm32f4xx_hal_pwr.o
LOAD ./Drivers/STM32F4xx_HAL_Driver/Src/stm32f4xx_hal_pwr_ex.o
LOAD ./Drivers/STM32F4xx_HAL_Driver/Src/stm32f4xx_hal_rcc.o
LOAD ./Drivers/STM32F4xx_HAL_Driver/Src/stm32f4xx_hal_rcc_ex.o
LOAD ./Drivers/STM32F4xx_HAL_Driver/Src/stm32f4xx_hal_rng.o
LOAD ./Drivers/STM32F4xx_HAL_Driver/Src/stm32f4xx_hal_tim.o
LOAD ./Drivers/STM32F4xx_HAL_Driver/Src/stm32f4xx_hal_tim_ex.o
LOAD ./Drivers/STM32F4xx_HAL_Driver/Src/stm32f4xx_hal_uart.o
START GROUP
LOAD C:/ST/STM32CubeIDE_1.16.0/STM32CubeIDE/plugins/com.st.stm32cube.ide.mcu.externaltools.gnu-tools-for-stm32.12.3.rel1.win32_1.0.200.202406191623/tools/bin/../lib/gcc/arm-none-eabi/12.3.1/../../../../arm-none-eabi/lib/thumb/v7e-m+fp/hard\libc_nano.a
LOAD C:/ST/STM32CubeIDE_1.16.0/STM32CubeIDE/plugins/com.st.stm32cube.ide.mcu.externaltools.gnu-tools-for-stm32.12.3.rel1.win32_1.0.200.202406191623/tools/bin/../lib/gcc/arm-none-eabi/12.3.1/../../../../arm-none-eabi/lib/thumb/v7e-m+fp/hard\libm.a
END GROUP
START GROUP
LOAD C:/ST/STM32CubeIDE_1.16.0/STM32CubeIDE/plugins/com.st.stm32cube.ide.mcu.externaltools.gnu-tools-for-stm32.12.3.rel1.win32_1.0.200.202406191623/tools/bin/../lib/gcc/arm-none-eabi/12.3.1/thumb/v7e-m+fp/hard\libgcc.a
LOAD C:/ST/STM32CubeIDE_1.16.0/STM32CubeIDE/plugins/com.st.stm32cube.ide.mcu.externaltools.gnu-tools-for-stm32.12.3.rel1.win32_1.0.200.202406191623/tools/bin/../lib/gcc/arm-none-eabi/12.3.1/../../../../arm-none-eabi/lib/thumb/v7e-m+fp/hard\libc_nano.a
END GROUP
START GROUP
LOAD C:/ST/STM32CubeIDE_1.16.0/STM32CubeIDE/plugins/com.st.stm32cube.ide.mcu.externaltools.gnu-tools-for-stm32.12.3.rel1.win32_1.0.200.202406191623/tools/bin/../lib/gcc/arm-none-eabi/12.3.1/thumb/v7e-m+fp/hard\libgcc.a
LOAD C:/ST/STM32CubeIDE_1.16.0/STM32CubeIDE/plugins/com.st.stm32cube.ide.mcu.externaltools.gnu-tools-for-stm32.12.3.rel1.win32_1.0.200.202406191623/tools/bin/../lib/gcc/arm-none-eabi/12.3.1/../../../../arm-none-eabi/lib/thumb/v7e-m+fp/hard\libc_nano.a
LOAD C:/ST/STM32CubeIDE_1.16.0/STM32CubeIDE/plugins/com.st.stm32cube.ide.mcu.externaltools.gnu-tools-for-stm32.12.3.rel1.win32_1.0.200.202406191623/tools/bin/../lib/gcc/arm-none-eabi/12.3.1/../../../../arm-none-eabi/lib/thumb/v7e-m+fp/hard\libnosys.a
END GROUP
START GROUP
LOAD C:/ST/STM32CubeIDE_1.16.0/STM32CubeIDE/plugins/com.st.stm32cube.ide.mcu.externaltools.gnu-tools-for-stm32.12.3.rel1.win32_1.0.200.202406191623/tools/bin/../lib/gcc/arm-none-eabi/12.3.1/thumb/v7e-m+fp/hard\libgcc.a
LOAD C:/ST/STM32CubeIDE_1.16.0/STM32CubeIDE/plugins/com.st.stm32cube.ide.mcu.externaltools.gnu-tools-for-stm32.12.3.rel1.win32_1.0.200.202406191623/tools/bin/../lib/gcc/arm-none-eabi/12.3.1/../../../../arm-none-eabi/lib/thumb/v7e-m+fp/hard\libc_nano.a
LOAD C:/ST/STM32CubeIDE_1.16.0/STM32CubeIDE/plugins/com.st.stm32cube.ide.mcu.externaltools.gnu-tools-for-stm32.12.3.rel1.win32_1.0.200.202406191623/tools/bin/../lib/gcc/arm-none-eabi/12.3.1/../../../../arm-none-eabi/lib/thumb/v7e-m+fp/hard\libnosys.a
END GROUP
LOAD C:/ST/STM32CubeIDE_1.16.0/STM32CubeIDE/plugins/com.st.stm32cube.ide.mcu.externaltools.gnu-tools-for-stm32.12.3.rel1.win32_1.0.200.202406191623/tools/bin/../lib/gcc/arm-none-eabi/12.3.1/thumb/v7e-m+fp/hard/crtend.o
LOAD C:/ST/STM32CubeIDE_1.16.0/STM32CubeIDE/plugins/com.st.stm32cube.ide.mcu.externaltools.gnu-tools-for-stm32.12.3.rel1.win32_1.0.200.202406191623/tools/bin/../lib/gcc/arm-none-eabi/12.3.1/thumb/v7e-m+fp/hard/crtn.o
                0x20020000                        _estack = (ORIGIN (RAM) + LENGTH (RAM))
                0x00000200                        _Min_Heap_Size = 0x200
                0x00000400                        _Min_Stack_Size = 0x400

.isr_vector     0x08000000      0x188
                0x08000000                        . = ALIGN (0x4)
 *(.isr_vector)
 .isr_vector    0x08000000      0x188 ./Core/Startup/startup_stm32f407vgtx.o
                0x08000000                g_pfnVectors
                0x08000188                        . = ALIGN (0x4)

.text           0x08000188     0x348c
                0x08000188                        . = ALIGN (0x4)
 *(.text)
 .text          0x08000188       0x40 C:/ST/STM32CubeIDE_1.16.0/STM32CubeIDE/plugins/com.st.stm32cube.ide.mcu.externaltools.gnu-tools-for-stm32.12.3.rel1.win32_1.0.200.202406191623/tools/bin/../lib/gcc/arm-none-eabi/12.3.1/thumb/v7e-m+fp/hard/crtbegin.o
 .text          0x080001c8       0x30 C:/ST/STM32CubeIDE_1.16.0/STM32CubeIDE/plugins/com.st.stm32cube.ide.mcu.externaltools.gnu-tools-for-stm32.12.3.rel1.win32_1.0.200.202406191623/tools/bin/../lib/gcc/arm-none-eabi/12.3.1/thumb/v7e-m+fp/hard\libgcc.a(_aeabi_uldivmod.o)
                0x080001c8                __aeabi_uldivmod
 .text          0x080001f8      0x2bc C:/ST/STM32CubeIDE_1.16.0/STM32CubeIDE/plugins/com.st.stm32cube.ide.mcu.externaltools.gnu-tools-for-stm32.12.3.rel1.win32_1.0.200.202406191623/tools/bin/../lib/gcc/arm-none-eabi/12.3.1/thumb/v7e-m+fp/hard\libgcc.a(_udivmoddi4.o)
                0x080001f8                __udivmoddi4
 .text          0x080004b4        0x4 C:/ST/STM32CubeIDE_1.16.0/STM32CubeIDE/plugins/com.st.stm32cube.ide.mcu.externaltools.gnu-tools-for-stm32.12.3.rel1.win32_1.0.200.202406191623/tools/bin/../lib/gcc/arm-none-eabi/12.3.1/thumb/v7e-m+fp/hard\libgcc.a(_dvmd_tls.o)
                0x080004b4                __aeabi_idiv0
                0x080004b4                __aeabi_ldiv0
 *(.text*)
 .text.Generate_Random_Number
                0x080004b8       0x30 ./Core/Src/main.o
                0x080004b8                Generate_Random_Number
 .text.HAL_UART_RxCpltCallback
                0x080004e8       0x84 ./Core/Src/main.o
                0x080004e8                HAL_UART_RxCpltCallback
 .text.HAL_TIM_PeriodElapsedCallback
                0x0800056c       0x48 ./Core/Src/main.o
                0x0800056c                HAL_TIM_PeriodElapsedCallback
 .text.random_led
                0x080005b4       0x44 ./Core/Src/main.o
                0x080005b4                random_led
 .text.main     0x080005f8       0xd4 ./Core/Src/main.o
                0x080005f8                main
 .text.SystemClock_Config
                0x080006cc       0xd0 ./Core/Src/main.o
                0x080006cc                SystemClock_Config
 .text.MX_RNG_Init
                0x0800079c       0x28 ./Core/Src/main.o
 .text.MX_TIM4_Init
                0x080007c4       0x9c ./Core/Src/main.o
 .text.MX_USART2_UART_Init
                0x08000860       0x54 ./Core/Src/main.o
 .text.MX_GPIO_Init
                0x080008b4       0xa4 ./Core/Src/main.o
 .text.Error_Handler
                0x08000958        0xc ./Core/Src/main.o
                0x08000958                Error_Handler
 .text.HAL_MspInit
                0x08000964       0x50 ./Core/Src/stm32f4xx_hal_msp.o
                0x08000964                HAL_MspInit
 .text.HAL_RNG_MspInit
                0x080009b4       0x44 ./Core/Src/stm32f4xx_hal_msp.o
                0x080009b4                HAL_RNG_MspInit
 .text.HAL_TIM_Base_MspInit
                0x080009f8       0x50 ./Core/Src/stm32f4xx_hal_msp.o
                0x080009f8                HAL_TIM_Base_MspInit
 .text.HAL_UART_MspInit
                0x08000a48       0xa0 ./Core/Src/stm32f4xx_hal_msp.o
                0x08000a48                HAL_UART_MspInit
 .text.NMI_Handler
                0x08000ae8        0x8 ./Core/Src/stm32f4xx_it.o
                0x08000ae8                NMI_Handler
 .text.HardFault_Handler
                0x08000af0        0x8 ./Core/Src/stm32f4xx_it.o
                0x08000af0                HardFault_Handler
 .text.MemManage_Handler
                0x08000af8        0x8 ./Core/Src/stm32f4xx_it.o
                0x08000af8                MemManage_Handler
 .text.BusFault_Handler
                0x08000b00        0x8 ./Core/Src/stm32f4xx_it.o
                0x08000b00                BusFault_Handler
 .text.UsageFault_Handler
                0x08000b08        0x8 ./Core/Src/stm32f4xx_it.o
                0x08000b08                UsageFault_Handler
 .text.SVC_Handler
                0x08000b10        0xe ./Core/Src/stm32f4xx_it.o
                0x08000b10                SVC_Handler
 .text.DebugMon_Handler
                0x08000b1e        0xe ./Core/Src/stm32f4xx_it.o
                0x08000b1e                DebugMon_Handler
 .text.PendSV_Handler
                0x08000b2c        0xe ./Core/Src/stm32f4xx_it.o
                0x08000b2c                PendSV_Handler
 .text.SysTick_Handler
                0x08000b3a        0xc ./Core/Src/stm32f4xx_it.o
                0x08000b3a                SysTick_Handler
 *fill*         0x08000b46        0x2 
 .text.TIM4_IRQHandler
                0x08000b48       0x14 ./Core/Src/stm32f4xx_it.o
                0x08000b48                TIM4_IRQHandler
 .text.USART2_IRQHandler
                0x08000b5c       0x14 ./Core/Src/stm32f4xx_it.o
                0x08000b5c                USART2_IRQHandler
 .text.SystemInit
                0x08000b70       0x24 ./Core/Src/system_stm32f4xx.o
                0x08000b70                SystemInit
 .text.Reset_Handler
                0x08000b94       0x50 ./Core/Startup/startup_stm32f407vgtx.o
                0x08000b94                Reset_Handler
 .text.Default_Handler
                0x08000be4        0x2 ./Core/Startup/startup_stm32f407vgtx.o
                0x08000be4                RTC_Alarm_IRQHandler
                0x08000be4                HASH_RNG_IRQHandler
                0x08000be4                EXTI2_IRQHandler
                0x08000be4                TIM8_CC_IRQHandler
                0x08000be4                TIM1_CC_IRQHandler
                0x08000be4                DMA2_Stream5_IRQHandler
                0x08000be4                DMA1_Stream5_IRQHandler
                0x08000be4                PVD_IRQHandler
                0x08000be4                SDIO_IRQHandler
                0x08000be4                TAMP_STAMP_IRQHandler
                0x08000be4                CAN2_RX1_IRQHandler
                0x08000be4                EXTI3_IRQHandler
                0x08000be4                TIM8_TRG_COM_TIM14_IRQHandler
                0x08000be4                TIM1_UP_TIM10_IRQHandler
                0x08000be4                TIM8_UP_TIM13_IRQHandler
                0x08000be4                I2C3_ER_IRQHandler
                0x08000be4                EXTI0_IRQHandler
                0x08000be4                I2C2_EV_IRQHandler
                0x08000be4                DMA1_Stream2_IRQHandler
                0x08000be4                CAN1_RX0_IRQHandler
                0x08000be4                FPU_IRQHandler
                0x08000be4                OTG_HS_WKUP_IRQHandler
                0x08000be4                CAN2_SCE_IRQHandler
                0x08000be4                DMA2_Stream2_IRQHandler
                0x08000be4                SPI1_IRQHandler
                0x08000be4                TIM6_DAC_IRQHandler
                0x08000be4                TIM1_BRK_TIM9_IRQHandler
                0x08000be4                DCMI_IRQHandler
                0x08000be4                CAN2_RX0_IRQHandler
                0x08000be4                DMA2_Stream3_IRQHandler
                0x08000be4                USART6_IRQHandler
                0x08000be4                USART3_IRQHandler
                0x08000be4                CAN1_RX1_IRQHandler
                0x08000be4                UART5_IRQHandler
                0x08000be4                DMA2_Stream0_IRQHandler
                0x08000be4                I2C1_EV_IRQHandler
                0x08000be4                DMA1_Stream6_IRQHandler
                0x08000be4                DMA1_Stream1_IRQHandler
                0x08000be4                UART4_IRQHandler
                0x08000be4                TIM3_IRQHandler
                0x08000be4                RCC_IRQHandler
                0x08000be4                TIM8_BRK_TIM12_IRQHandler
                0x08000be4                Default_Handler
                0x08000be4                EXTI15_10_IRQHandler
                0x08000be4                ADC_IRQHandler
                0x08000be4                DMA1_Stream7_IRQHandler
                0x08000be4                TIM7_IRQHandler
                0x08000be4                CAN2_TX_IRQHandler
                0x08000be4                TIM5_IRQHandler
                0x08000be4                DMA2_Stream7_IRQHandler
                0x08000be4                I2C3_EV_IRQHandler
                0x08000be4                EXTI9_5_IRQHandler
                0x08000be4                RTC_WKUP_IRQHandler
                0x08000be4                ETH_WKUP_IRQHandler
                0x08000be4                SPI2_IRQHandler
                0x08000be4                OTG_HS_EP1_IN_IRQHandler
                0x08000be4                DMA1_Stream0_IRQHandler
                0x08000be4                CAN1_TX_IRQHandler
                0x08000be4                EXTI4_IRQHandler
                0x08000be4                FSMC_IRQHandler
                0x08000be4                ETH_IRQHandler
                0x08000be4                OTG_HS_EP1_OUT_IRQHandler
                0x08000be4                WWDG_IRQHandler
                0x08000be4                TIM2_IRQHandler
                0x08000be4                OTG_FS_WKUP_IRQHandler
                0x08000be4                TIM1_TRG_COM_TIM11_IRQHandler
                0x08000be4                OTG_HS_IRQHandler
                0x08000be4                EXTI1_IRQHandler
                0x08000be4                I2C2_ER_IRQHandler
                0x08000be4                DMA2_Stream1_IRQHandler
                0x08000be4                CAN1_SCE_IRQHandler
                0x08000be4                FLASH_IRQHandler
                0x08000be4                DMA2_Stream4_IRQHandler
                0x08000be4                USART1_IRQHandler
                0x08000be4                OTG_FS_IRQHandler
                0x08000be4                SPI3_IRQHandler
                0x08000be4                DMA1_Stream4_IRQHandler
                0x08000be4                I2C1_ER_IRQHandler
                0x08000be4                DMA2_Stream6_IRQHandler
                0x08000be4                DMA1_Stream3_IRQHandler
 *fill*         0x08000be6        0x2 
 .text.HAL_Init
                0x08000be8       0x44 ./Drivers/STM32F4xx_HAL_Driver/Src/stm32f4xx_hal.o
                0x08000be8                HAL_Init
 .text.HAL_InitTick
                0x08000c2c       0x60 ./Drivers/STM32F4xx_HAL_Driver/Src/stm32f4xx_hal.o
                0x08000c2c                HAL_InitTick
 .text.HAL_IncTick
                0x08000c8c       0x28 ./Drivers/STM32F4xx_HAL_Driver/Src/stm32f4xx_hal.o
                0x08000c8c                HAL_IncTick
 .text.HAL_GetTick
                0x08000cb4       0x18 ./Drivers/STM32F4xx_HAL_Driver/Src/stm32f4xx_hal.o
                0x08000cb4                HAL_GetTick
 .text.__NVIC_SetPriorityGrouping
                0x08000ccc       0x48 ./Drivers/STM32F4xx_HAL_Driver/Src/stm32f4xx_hal_cortex.o
 .text.__NVIC_GetPriorityGrouping
                0x08000d14       0x1c ./Drivers/STM32F4xx_HAL_Driver/Src/stm32f4xx_hal_cortex.o
 .text.__NVIC_EnableIRQ
                0x08000d30       0x3c ./Drivers/STM32F4xx_HAL_Driver/Src/stm32f4xx_hal_cortex.o
 .text.__NVIC_SetPriority
                0x08000d6c       0x54 ./Drivers/STM32F4xx_HAL_Driver/Src/stm32f4xx_hal_cortex.o
 .text.NVIC_EncodePriority
                0x08000dc0       0x66 ./Drivers/STM32F4xx_HAL_Driver/Src/stm32f4xx_hal_cortex.o
 *fill*         0x08000e26        0x2 
 .text.SysTick_Config
                0x08000e28       0x44 ./Drivers/STM32F4xx_HAL_Driver/Src/stm32f4xx_hal_cortex.o
 .text.HAL_NVIC_SetPriorityGrouping
                0x08000e6c       0x16 ./Drivers/STM32F4xx_HAL_Driver/Src/stm32f4xx_hal_cortex.o
                0x08000e6c                HAL_NVIC_SetPriorityGrouping
 .text.HAL_NVIC_SetPriority
                0x08000e82       0x38 ./Drivers/STM32F4xx_HAL_Driver/Src/stm32f4xx_hal_cortex.o
                0x08000e82                HAL_NVIC_SetPriority
 .text.HAL_NVIC_EnableIRQ
                0x08000eba       0x1c ./Drivers/STM32F4xx_HAL_Driver/Src/stm32f4xx_hal_cortex.o
                0x08000eba                HAL_NVIC_EnableIRQ
 .text.HAL_SYSTICK_Config
                0x08000ed6       0x18 ./Drivers/STM32F4xx_HAL_Driver/Src/stm32f4xx_hal_cortex.o
                0x08000ed6                HAL_SYSTICK_Config
 .text.HAL_DMA_Abort
                0x08000eee       0xe0 ./Drivers/STM32F4xx_HAL_Driver/Src/stm32f4xx_hal_dma.o
                0x08000eee                HAL_DMA_Abort
 .text.HAL_DMA_Abort_IT
                0x08000fce       0x44 ./Drivers/STM32F4xx_HAL_Driver/Src/stm32f4xx_hal_dma.o
                0x08000fce                HAL_DMA_Abort_IT
 *fill*         0x08001012        0x2 
 .text.HAL_GPIO_Init
                0x08001014      0x338 ./Drivers/STM32F4xx_HAL_Driver/Src/stm32f4xx_hal_gpio.o
                0x08001014                HAL_GPIO_Init
 .text.HAL_GPIO_WritePin
                0x0800134c       0x32 ./Drivers/STM32F4xx_HAL_Driver/Src/stm32f4xx_hal_gpio.o
                0x0800134c                HAL_GPIO_WritePin
 .text.HAL_GPIO_TogglePin
                0x0800137e       0x34 ./Drivers/STM32F4xx_HAL_Driver/Src/stm32f4xx_hal_gpio.o
                0x0800137e                HAL_GPIO_TogglePin
 *fill*         0x080013b2        0x2 
 .text.HAL_RCC_OscConfig
                0x080013b4      0x4f0 ./Drivers/STM32F4xx_HAL_Driver/Src/stm32f4xx_hal_rcc.o
                0x080013b4                HAL_RCC_OscConfig
 .text.HAL_RCC_ClockConfig
                0x080018a4      0x1cc ./Drivers/STM32F4xx_HAL_Driver/Src/stm32f4xx_hal_rcc.o
                0x080018a4                HAL_RCC_ClockConfig
 .text.HAL_RCC_GetSysClockFreq
                0x08001a70      0x18c ./Drivers/STM32F4xx_HAL_Driver/Src/stm32f4xx_hal_rcc.o
                0x08001a70                HAL_RCC_GetSysClockFreq
 .text.HAL_RCC_GetHCLKFreq
                0x08001bfc       0x18 ./Drivers/STM32F4xx_HAL_Driver/Src/stm32f4xx_hal_rcc.o
                0x08001bfc                HAL_RCC_GetHCLKFreq
 .text.HAL_RCC_GetPCLK1Freq
                0x08001c14       0x28 ./Drivers/STM32F4xx_HAL_Driver/Src/stm32f4xx_hal_rcc.o
                0x08001c14                HAL_RCC_GetPCLK1Freq
 .text.HAL_RCC_GetPCLK2Freq
                0x08001c3c       0x28 ./Drivers/STM32F4xx_HAL_Driver/Src/stm32f4xx_hal_rcc.o
                0x08001c3c                HAL_RCC_GetPCLK2Freq
 .text.HAL_RNG_Init
                0x08001c64       0x54 ./Drivers/STM32F4xx_HAL_Driver/Src/stm32f4xx_hal_rng.o
                0x08001c64                HAL_RNG_Init
 .text.HAL_RNG_GenerateRandomNumber
                0x08001cb8       0xac ./Drivers/STM32F4xx_HAL_Driver/Src/stm32f4xx_hal_rng.o
                0x08001cb8                HAL_RNG_GenerateRandomNumber
 .text.HAL_TIM_Base_Init
                0x08001d64       0x9e ./Drivers/STM32F4xx_HAL_Driver/Src/stm32f4xx_hal_tim.o
                0x08001d64                HAL_TIM_Base_Init
 *fill*         0x08001e02        0x2 
 .text.HAL_TIM_Base_Start_IT
                0x08001e04       0xe0 ./Drivers/STM32F4xx_HAL_Driver/Src/stm32f4xx_hal_tim.o
                0x08001e04                HAL_TIM_Base_Start_IT
 .text.HAL_TIM_IRQHandler
                0x08001ee4      0x1e0 ./Drivers/STM32F4xx_HAL_Driver/Src/stm32f4xx_hal_tim.o
                0x08001ee4                HAL_TIM_IRQHandler
 .text.HAL_TIM_ConfigClockSource
                0x080020c4      0x18e ./Drivers/STM32F4xx_HAL_Driver/Src/stm32f4xx_hal_tim.o
                0x080020c4                HAL_TIM_ConfigClockSource
 .text.HAL_TIM_OC_DelayElapsedCallback
                0x08002252       0x14 ./Drivers/STM32F4xx_HAL_Driver/Src/stm32f4xx_hal_tim.o
                0x08002252                HAL_TIM_OC_DelayElapsedCallback
 .text.HAL_TIM_IC_CaptureCallback
                0x08002266       0x14 ./Drivers/STM32F4xx_HAL_Driver/Src/stm32f4xx_hal_tim.o
                0x08002266                HAL_TIM_IC_CaptureCallback
 .text.HAL_TIM_PWM_PulseFinishedCallback
                0x0800227a       0x14 ./Drivers/STM32F4xx_HAL_Driver/Src/stm32f4xx_hal_tim.o
                0x0800227a                HAL_TIM_PWM_PulseFinishedCallback
 .text.HAL_TIM_TriggerCallback
                0x0800228e       0x14 ./Drivers/STM32F4xx_HAL_Driver/Src/stm32f4xx_hal_tim.o
                0x0800228e                HAL_TIM_TriggerCallback
 *fill*         0x080022a2        0x2 
 .text.TIM_Base_SetConfig
                0x080022a4      0x158 ./Drivers/STM32F4xx_HAL_Driver/Src/stm32f4xx_hal_tim.o
                0x080022a4                TIM_Base_SetConfig
 .text.TIM_TI1_ConfigInputStage
                0x080023fc       0x5e ./Drivers/STM32F4xx_HAL_Driver/Src/stm32f4xx_hal_tim.o
 .text.TIM_TI2_ConfigInputStage
                0x0800245a       0x60 ./Drivers/STM32F4xx_HAL_Driver/Src/stm32f4xx_hal_tim.o
 .text.TIM_ITRx_SetConfig
                0x080024ba       0x36 ./Drivers/STM32F4xx_HAL_Driver/Src/stm32f4xx_hal_tim.o
 .text.TIM_ETR_SetConfig
                0x080024f0       0x40 ./Drivers/STM32F4xx_HAL_Driver/Src/stm32f4xx_hal_tim.o
                0x080024f0                TIM_ETR_SetConfig
 .text.HAL_TIMEx_MasterConfigSynchronization
                0x08002530       0xf8 ./Drivers/STM32F4xx_HAL_Driver/Src/stm32f4xx_hal_tim_ex.o
                0x08002530                HAL_TIMEx_MasterConfigSynchronization
 .text.HAL_TIMEx_CommutCallback
                0x08002628       0x14 ./Drivers/STM32F4xx_HAL_Driver/Src/stm32f4xx_hal_tim_ex.o
                0x08002628                HAL_TIMEx_CommutCallback
 .text.HAL_TIMEx_BreakCallback
                0x0800263c       0x14 ./Drivers/STM32F4xx_HAL_Driver/Src/stm32f4xx_hal_tim_ex.o
                0x0800263c                HAL_TIMEx_BreakCallback
 .text.HAL_UART_Init
                0x08002650       0xa0 ./Drivers/STM32F4xx_HAL_Driver/Src/stm32f4xx_hal_uart.o
                0x08002650                HAL_UART_Init
 .text.HAL_UART_Transmit_IT
                0x080026f0       0x6c ./Drivers/STM32F4xx_HAL_Driver/Src/stm32f4xx_hal_uart.o
                0x080026f0                HAL_UART_Transmit_IT
 .text.HAL_UART_Receive_IT
                0x0800275c       0x4a ./Drivers/STM32F4xx_HAL_Driver/Src/stm32f4xx_hal_uart.o
                0x0800275c                HAL_UART_Receive_IT
 *fill*         0x080027a6        0x2 
 .text.HAL_UART_IRQHandler
                0x080027a8      0x524 ./Drivers/STM32F4xx_HAL_Driver/Src/stm32f4xx_hal_uart.o
                0x080027a8                HAL_UART_IRQHandler
 .text.HAL_UART_TxCpltCallback
                0x08002ccc       0x14 ./Drivers/STM32F4xx_HAL_Driver/Src/stm32f4xx_hal_uart.o
                0x08002ccc                HAL_UART_TxCpltCallback
 .text.HAL_UART_ErrorCallback
                0x08002ce0       0x14 ./Drivers/STM32F4xx_HAL_Driver/Src/stm32f4xx_hal_uart.o
                0x08002ce0                HAL_UART_ErrorCallback
 .text.HAL_UARTEx_RxEventCallback
                0x08002cf4       0x18 ./Drivers/STM32F4xx_HAL_Driver/Src/stm32f4xx_hal_uart.o
                0x08002cf4                HAL_UARTEx_RxEventCallback
 .text.UART_Start_Receive_IT
                0x08002d0c       0x74 ./Drivers/STM32F4xx_HAL_Driver/Src/stm32f4xx_hal_uart.o
                0x08002d0c                UART_Start_Receive_IT
 .text.UART_EndRxTransfer
                0x08002d80       0xc6 ./Drivers/STM32F4xx_HAL_Driver/Src/stm32f4xx_hal_uart.o
 .text.UART_DMAAbortOnError
                0x08002e46       0x28 ./Drivers/STM32F4xx_HAL_Driver/Src/stm32f4xx_hal_uart.o
 .text.UART_Transmit_IT
                0x08002e6e       0xa0 ./Drivers/STM32F4xx_HAL_Driver/Src/stm32f4xx_hal_uart.o
 .text.UART_EndTransmit_IT
                0x08002f0e       0x30 ./Drivers/STM32F4xx_HAL_Driver/Src/stm32f4xx_hal_uart.o
 .text.UART_Receive_IT
                0x08002f3e      0x17c ./Drivers/STM32F4xx_HAL_Driver/Src/stm32f4xx_hal_uart.o
 *fill*         0x080030ba        0x2 
 .text.UART_SetConfig
                0x080030bc      0x4e8 ./Drivers/STM32F4xx_HAL_Driver/Src/stm32f4xx_hal_uart.o
 .text.memset   0x080035a4       0x10 C:/ST/STM32CubeIDE_1.16.0/STM32CubeIDE/plugins/com.st.stm32cube.ide.mcu.externaltools.gnu-tools-for-stm32.12.3.rel1.win32_1.0.200.202406191623/tools/bin/../lib/gcc/arm-none-eabi/12.3.1/../../../../arm-none-eabi/lib/thumb/v7e-m+fp/hard\libc_nano.a(libc_a-memset.o)
                0x080035a4                memset
 .text.__libc_init_array
                0x080035b4       0x48 C:/ST/STM32CubeIDE_1.16.0/STM32CubeIDE/plugins/com.st.stm32cube.ide.mcu.externaltools.gnu-tools-for-stm32.12.3.rel1.win32_1.0.200.202406191623/tools/bin/../lib/gcc/arm-none-eabi/12.3.1/../../../../arm-none-eabi/lib/thumb/v7e-m+fp/hard\libc_nano.a(libc_a-init.o)
                0x080035b4                __libc_init_array
 *(.glue_7)
 .glue_7        0x080035fc        0x0 linker stubs
 *(.glue_7t)
 .glue_7t       0x080035fc        0x0 linker stubs
 *(.eh_frame)
 .eh_frame      0x080035fc        0x0 C:/ST/STM32CubeIDE_1.16.0/STM32CubeIDE/plugins/com.st.stm32cube.ide.mcu.externaltools.gnu-tools-for-stm32.12.3.rel1.win32_1.0.200.202406191623/tools/bin/../lib/gcc/arm-none-eabi/12.3.1/thumb/v7e-m+fp/hard/crtbegin.o
 *(.init)
 .init          0x080035fc        0x4 C:/ST/STM32CubeIDE_1.16.0/STM32CubeIDE/plugins/com.st.stm32cube.ide.mcu.externaltools.gnu-tools-for-stm32.12.3.rel1.win32_1.0.200.202406191623/tools/bin/../lib/gcc/arm-none-eabi/12.3.1/thumb/v7e-m+fp/hard/crti.o
                0x080035fc                _init
 .init          0x08003600        0x8 C:/ST/STM32CubeIDE_1.16.0/STM32CubeIDE/plugins/com.st.stm32cube.ide.mcu.externaltools.gnu-tools-for-stm32.12.3.rel1.win32_1.0.200.202406191623/tools/bin/../lib/gcc/arm-none-eabi/12.3.1/thumb/v7e-m+fp/hard/crtn.o
 *(.fini)
 .fini          0x08003608        0x4 C:/ST/STM32CubeIDE_1.16.0/STM32CubeIDE/plugins/com.st.stm32cube.ide.mcu.externaltools.gnu-tools-for-stm32.12.3.rel1.win32_1.0.200.202406191623/tools/bin/../lib/gcc/arm-none-eabi/12.3.1/thumb/v7e-m+fp/hard/crti.o
                0x08003608                _fini
 .fini          0x0800360c        0x8 C:/ST/STM32CubeIDE_1.16.0/STM32CubeIDE/plugins/com.st.stm32cube.ide.mcu.externaltools.gnu-tools-for-stm32.12.3.rel1.win32_1.0.200.202406191623/tools/bin/../lib/gcc/arm-none-eabi/12.3.1/thumb/v7e-m+fp/hard/crtn.o
                0x08003614                        . = ALIGN (0x4)
                0x08003614                        _etext = .

.vfp11_veneer   0x08003614        0x0
 .vfp11_veneer  0x08003614        0x0 linker stubs

.v4_bx          0x08003614        0x0
 .v4_bx         0x08003614        0x0 linker stubs

.iplt           0x08003614        0x0
 .iplt          0x08003614        0x0 C:/ST/STM32CubeIDE_1.16.0/STM32CubeIDE/plugins/com.st.stm32cube.ide.mcu.externaltools.gnu-tools-for-stm32.12.3.rel1.win32_1.0.200.202406191623/tools/bin/../lib/gcc/arm-none-eabi/12.3.1/thumb/v7e-m+fp/hard/crtbegin.o

.rodata         0x08003614       0x18
                0x08003614                        . = ALIGN (0x4)
 *(.rodata)
 *(.rodata*)
 .rodata.AHBPrescTable
                0x08003614       0x10 ./Core/Src/system_stm32f4xx.o
                0x08003614                AHBPrescTable
 .rodata.APBPrescTable
                0x08003624        0x8 ./Core/Src/system_stm32f4xx.o
                0x08003624                APBPrescTable
                0x0800362c                        . = ALIGN (0x4)

.ARM.extab      0x0800362c        0x0
                0x0800362c                        . = ALIGN (0x4)
 *(.ARM.extab* .gnu.linkonce.armextab.*)
                0x0800362c                        . = ALIGN (0x4)

.ARM            0x0800362c        0x8
                0x0800362c                        . = ALIGN (0x4)
                0x0800362c                        __exidx_start = .
 *(.ARM.exidx*)
 .ARM.exidx     0x0800362c        0x8 C:/ST/STM32CubeIDE_1.16.0/STM32CubeIDE/plugins/com.st.stm32cube.ide.mcu.externaltools.gnu-tools-for-stm32.12.3.rel1.win32_1.0.200.202406191623/tools/bin/../lib/gcc/arm-none-eabi/12.3.1/thumb/v7e-m+fp/hard\libgcc.a(_udivmoddi4.o)
                0x08003634                        __exidx_end = .
                0x08003634                        . = ALIGN (0x4)

.preinit_array  0x08003634        0x0
                0x08003634                        . = ALIGN (0x4)
                0x08003634                        PROVIDE (__preinit_array_start = .)
 *(.preinit_array*)
                0x08003634                        PROVIDE (__preinit_array_end = .)
                0x08003634                        . = ALIGN (0x4)

.init_array     0x08003634        0x4
                0x08003634                        . = ALIGN (0x4)
                0x08003634                        PROVIDE (__init_array_start = .)
 *(SORT_BY_NAME(.init_array.*))
 *(.init_array*)
 .init_array    0x08003634        0x4 C:/ST/STM32CubeIDE_1.16.0/STM32CubeIDE/plugins/com.st.stm32cube.ide.mcu.externaltools.gnu-tools-for-stm32.12.3.rel1.win32_1.0.200.202406191623/tools/bin/../lib/gcc/arm-none-eabi/12.3.1/thumb/v7e-m+fp/hard/crtbegin.o
                0x08003638                        PROVIDE (__init_array_end = .)
                0x08003638                        . = ALIGN (0x4)

.fini_array     0x08003638        0x4
                0x08003638                        . = ALIGN (0x4)
                [!provide]                        PROVIDE (__fini_array_start = .)
 *(SORT_BY_NAME(.fini_array.*))
 *(.fini_array*)
 .fini_array    0x08003638        0x4 C:/ST/STM32CubeIDE_1.16.0/STM32CubeIDE/plugins/com.st.stm32cube.ide.mcu.externaltools.gnu-tools-for-stm32.12.3.rel1.win32_1.0.200.202406191623/tools/bin/../lib/gcc/arm-none-eabi/12.3.1/thumb/v7e-m+fp/hard/crtbegin.o
                [!provide]                        PROVIDE (__fini_array_end = .)
                0x0800363c                        . = ALIGN (0x4)
                0x0800363c                        _sidata = LOADADDR (.data)

.rel.dyn        0x0800363c        0x0
 .rel.iplt      0x0800363c        0x0 C:/ST/STM32CubeIDE_1.16.0/STM32CubeIDE/plugins/com.st.stm32cube.ide.mcu.externaltools.gnu-tools-for-stm32.12.3.rel1.win32_1.0.200.202406191623/tools/bin/../lib/gcc/arm-none-eabi/12.3.1/thumb/v7e-m+fp/hard/crtbegin.o

.data           0x20000000        0xc load address 0x0800363c
                0x20000000                        . = ALIGN (0x4)
                0x20000000                        _sdata = .
 *(.data)
 *(.data*)
 .data.SystemCoreClock
                0x20000000        0x4 ./Core/Src/system_stm32f4xx.o
                0x20000000                SystemCoreClock
 .data.uwTickPrio
                0x20000004        0x4 ./Drivers/STM32F4xx_HAL_Driver/Src/stm32f4xx_hal.o
                0x20000004                uwTickPrio
 .data.uwTickFreq
                0x20000008        0x1 ./Drivers/STM32F4xx_HAL_Driver/Src/stm32f4xx_hal.o
                0x20000008                uwTickFreq
 *(.RamFunc)
 *(.RamFunc*)
                0x2000000c                        . = ALIGN (0x4)
 *fill*         0x20000009        0x3 
                0x2000000c                        _edata = .
                0x08003648                        _siccmram = LOADADDR (.ccmram)

.igot.plt       0x2000000c        0x0 load address 0x08003648
 .igot.plt      0x2000000c        0x0 C:/ST/STM32CubeIDE_1.16.0/STM32CubeIDE/plugins/com.st.stm32cube.ide.mcu.externaltools.gnu-tools-for-stm32.12.3.rel1.win32_1.0.200.202406191623/tools/bin/../lib/gcc/arm-none-eabi/12.3.1/thumb/v7e-m+fp/hard/crtbegin.o

.ccmram         0x10000000        0x0 load address 0x08003648
                0x10000000                        . = ALIGN (0x4)
                0x10000000                        _sccmram = .
 *(.ccmram)
 *(.ccmram*)
                0x10000000                        . = ALIGN (0x4)
                0x10000000                        _eccmram = .
                0x10000000                        . = ALIGN (0x4)

.bss            0x2000000c       0xc8
                0x2000000c                        _sbss = .
                0x2000000c                        __bss_start__ = _sbss
 *(.bss)
 .bss           0x2000000c       0x1c C:/ST/STM32CubeIDE_1.16.0/STM32CubeIDE/plugins/com.st.stm32cube.ide.mcu.externaltools.gnu-tools-for-stm32.12.3.rel1.win32_1.0.200.202406191623/tools/bin/../lib/gcc/arm-none-eabi/12.3.1/thumb/v7e-m+fp/hard/crtbegin.o
 *(.bss*)
 .bss.encorder0
                0x20000028        0x2 ./Core/Src/main.o
                0x20000028                encorder0
 .bss.encorder1
                0x2000002a        0x2 ./Core/Src/main.o
                0x2000002a                encorder1
 .bss.tim4_flag
                0x2000002c        0x1 ./Core/Src/main.o
                0x2000002c                tim4_flag
 .bss.key_led   0x2000002d        0x1 ./Core/Src/main.o
                0x2000002d                key_led
 *fill*         0x2000002e        0x2 
 .bss.hrng      0x20000030       0x10 ./Core/Src/main.o
                0x20000030                hrng
 .bss.htim4     0x20000040       0x48 ./Core/Src/main.o
                0x20000040                htim4
 .bss.huart2    0x20000088       0x48 ./Core/Src/main.o
                0x20000088                huart2
 .bss.uwTick    0x200000d0        0x4 ./Drivers/STM32F4xx_HAL_Driver/Src/stm32f4xx_hal.o
                0x200000d0                uwTick
 *(COMMON)
                0x200000d4                        . = ALIGN (0x4)
                0x200000d4                        _ebss = .
                0x200000d4                        __bss_end__ = _ebss

._user_heap_stack
                0x200000d4      0x604
                0x200000d8                        . = ALIGN (0x8)
 *fill*         0x200000d4        0x4 
                [!provide]                        PROVIDE (end = .)
                0x200000d8                        PROVIDE (_end = .)
                0x200002d8                        . = (. + _Min_Heap_Size)
 *fill*         0x200000d8      0x200 
                0x200006d8                        . = (. + _Min_Stack_Size)
 *fill*         0x200002d8      0x400 
                0x200006d8                        . = ALIGN (0x8)

/DISCARD/
 libc.a(*)
 libm.a(*)
 libgcc.a(*)

.ARM.attributes
                0x00000000       0x30
 *(.ARM.attributes)
 .ARM.attributes
                0x00000000       0x22 C:/ST/STM32CubeIDE_1.16.0/STM32CubeIDE/plugins/com.st.stm32cube.ide.mcu.externaltools.gnu-tools-for-stm32.12.3.rel1.win32_1.0.200.202406191623/tools/bin/../lib/gcc/arm-none-eabi/12.3.1/thumb/v7e-m+fp/hard/crti.o
 .ARM.attributes
                0x00000022       0x34 C:/ST/STM32CubeIDE_1.16.0/STM32CubeIDE/plugins/com.st.stm32cube.ide.mcu.externaltools.gnu-tools-for-stm32.12.3.rel1.win32_1.0.200.202406191623/tools/bin/../lib/gcc/arm-none-eabi/12.3.1/thumb/v7e-m+fp/hard/crtbegin.o
 .ARM.attributes
                0x00000056       0x34 ./Core/Src/main.o
 .ARM.attributes
                0x0000008a       0x34 ./Core/Src/stm32f4xx_hal_msp.o
 .ARM.attributes
                0x000000be       0x34 ./Core/Src/stm32f4xx_it.o
 .ARM.attributes
                0x000000f2       0x34 ./Core/Src/system_stm32f4xx.o
 .ARM.attributes
                0x00000126       0x21 ./Core/Startup/startup_stm32f407vgtx.o
 .ARM.attributes
                0x00000147       0x34 ./Drivers/STM32F4xx_HAL_Driver/Src/stm32f4xx_hal.o
 .ARM.attributes
                0x0000017b       0x34 ./Drivers/STM32F4xx_HAL_Driver/Src/stm32f4xx_hal_cortex.o
 .ARM.attributes
                0x000001af       0x34 ./Drivers/STM32F4xx_HAL_Driver/Src/stm32f4xx_hal_dma.o
 .ARM.attributes
                0x000001e3       0x34 ./Drivers/STM32F4xx_HAL_Driver/Src/stm32f4xx_hal_gpio.o
 .ARM.attributes
                0x00000217       0x34 ./Drivers/STM32F4xx_HAL_Driver/Src/stm32f4xx_hal_rcc.o
 .ARM.attributes
                0x0000024b       0x34 ./Drivers/STM32F4xx_HAL_Driver/Src/stm32f4xx_hal_rng.o
 .ARM.attributes
                0x0000027f       0x34 ./Drivers/STM32F4xx_HAL_Driver/Src/stm32f4xx_hal_tim.o
 .ARM.attributes
                0x000002b3       0x34 ./Drivers/STM32F4xx_HAL_Driver/Src/stm32f4xx_hal_tim_ex.o
 .ARM.attributes
                0x000002e7       0x34 ./Drivers/STM32F4xx_HAL_Driver/Src/stm32f4xx_hal_uart.o
 .ARM.attributes
                0x0000031b       0x34 C:/ST/STM32CubeIDE_1.16.0/STM32CubeIDE/plugins/com.st.stm32cube.ide.mcu.externaltools.gnu-tools-for-stm32.12.3.rel1.win32_1.0.200.202406191623/tools/bin/../lib/gcc/arm-none-eabi/12.3.1/../../../../arm-none-eabi/lib/thumb/v7e-m+fp/hard\libc_nano.a(libc_a-memset.o)
 .ARM.attributes
                0x0000034f       0x34 C:/ST/STM32CubeIDE_1.16.0/STM32CubeIDE/plugins/com.st.stm32cube.ide.mcu.externaltools.gnu-tools-for-stm32.12.3.rel1.win32_1.0.200.202406191623/tools/bin/../lib/gcc/arm-none-eabi/12.3.1/../../../../arm-none-eabi/lib/thumb/v7e-m+fp/hard\libc_nano.a(libc_a-init.o)
 .ARM.attributes
                0x00000383       0x22 C:/ST/STM32CubeIDE_1.16.0/STM32CubeIDE/plugins/com.st.stm32cube.ide.mcu.externaltools.gnu-tools-for-stm32.12.3.rel1.win32_1.0.200.202406191623/tools/bin/../lib/gcc/arm-none-eabi/12.3.1/thumb/v7e-m+fp/hard\libgcc.a(_aeabi_uldivmod.o)
 .ARM.attributes
                0x000003a5       0x34 C:/ST/STM32CubeIDE_1.16.0/STM32CubeIDE/plugins/com.st.stm32cube.ide.mcu.externaltools.gnu-tools-for-stm32.12.3.rel1.win32_1.0.200.202406191623/tools/bin/../lib/gcc/arm-none-eabi/12.3.1/thumb/v7e-m+fp/hard\libgcc.a(_udivmoddi4.o)
 .ARM.attributes
                0x000003d9       0x22 C:/ST/STM32CubeIDE_1.16.0/STM32CubeIDE/plugins/com.st.stm32cube.ide.mcu.externaltools.gnu-tools-for-stm32.12.3.rel1.win32_1.0.200.202406191623/tools/bin/../lib/gcc/arm-none-eabi/12.3.1/thumb/v7e-m+fp/hard\libgcc.a(_dvmd_tls.o)
 .ARM.attributes
                0x000003fb       0x22 C:/ST/STM32CubeIDE_1.16.0/STM32CubeIDE/plugins/com.st.stm32cube.ide.mcu.externaltools.gnu-tools-for-stm32.12.3.rel1.win32_1.0.200.202406191623/tools/bin/../lib/gcc/arm-none-eabi/12.3.1/thumb/v7e-m+fp/hard/crtn.o
OUTPUT(test.elf elf32-littlearm)
LOAD linker stubs
LOAD C:/ST/STM32CubeIDE_1.16.0/STM32CubeIDE/plugins/com.st.stm32cube.ide.mcu.externaltools.gnu-tools-for-stm32.12.3.rel1.win32_1.0.200.202406191623/tools/bin/../lib/gcc/arm-none-eabi/12.3.1/../../../../arm-none-eabi/lib/thumb/v7e-m+fp/hard\libc.a
LOAD C:/ST/STM32CubeIDE_1.16.0/STM32CubeIDE/plugins/com.st.stm32cube.ide.mcu.externaltools.gnu-tools-for-stm32.12.3.rel1.win32_1.0.200.202406191623/tools/bin/../lib/gcc/arm-none-eabi/12.3.1/../../../../arm-none-eabi/lib/thumb/v7e-m+fp/hard\libm.a
LOAD C:/ST/STM32CubeIDE_1.16.0/STM32CubeIDE/plugins/com.st.stm32cube.ide.mcu.externaltools.gnu-tools-for-stm32.12.3.rel1.win32_1.0.200.202406191623/tools/bin/../lib/gcc/arm-none-eabi/12.3.1/thumb/v7e-m+fp/hard\libgcc.a

.debug_info     0x00000000     0xd327
 .debug_info    0x00000000     0x12b4 ./Core/Src/main.o
 .debug_info    0x000012b4     0x1056 ./Core/Src/stm32f4xx_hal_msp.o
 .debug_info    0x0000230a      0x98b ./Core/Src/stm32f4xx_it.o
 .debug_info    0x00002c95      0x512 ./Core/Src/system_stm32f4xx.o
 .debug_info    0x000031a7       0x30 ./Core/Startup/startup_stm32f407vgtx.o
 .debug_info    0x000031d7      0x944 ./Drivers/STM32F4xx_HAL_Driver/Src/stm32f4xx_hal.o
 .debug_info    0x00003b1b      0xd57 ./Drivers/STM32F4xx_HAL_Driver/Src/stm32f4xx_hal_cortex.o
 .debug_info    0x00004872      0x8e7 ./Drivers/STM32F4xx_HAL_Driver/Src/stm32f4xx_hal_dma.o
 .debug_info    0x00005159      0x6c3 ./Drivers/STM32F4xx_HAL_Driver/Src/stm32f4xx_hal_gpio.o
 .debug_info    0x0000581c      0x8b1 ./Drivers/STM32F4xx_HAL_Driver/Src/stm32f4xx_hal_rcc.o
 .debug_info    0x000060cd      0x493 ./Drivers/STM32F4xx_HAL_Driver/Src/stm32f4xx_hal_rng.o
 .debug_info    0x00006560     0x299d ./Drivers/STM32F4xx_HAL_Driver/Src/stm32f4xx_hal_tim.o
 .debug_info    0x00008efd     0x14db ./Drivers/STM32F4xx_HAL_Driver/Src/stm32f4xx_hal_tim_ex.o
 .debug_info    0x0000a3d8     0x2f4f ./Drivers/STM32F4xx_HAL_Driver/Src/stm32f4xx_hal_uart.o

.debug_abbrev   0x00000000     0x1d75
 .debug_abbrev  0x00000000      0x2a9 ./Core/Src/main.o
 .debug_abbrev  0x000002a9      0x1fb ./Core/Src/stm32f4xx_hal_msp.o
 .debug_abbrev  0x000004a4      0x19c ./Core/Src/stm32f4xx_it.o
 .debug_abbrev  0x00000640      0x11a ./Core/Src/system_stm32f4xx.o
 .debug_abbrev  0x0000075a       0x24 ./Core/Startup/startup_stm32f407vgtx.o
 .debug_abbrev  0x0000077e      0x214 ./Drivers/STM32F4xx_HAL_Driver/Src/stm32f4xx_hal.o
 .debug_abbrev  0x00000992      0x328 ./Drivers/STM32F4xx_HAL_Driver/Src/stm32f4xx_hal_cortex.o
 .debug_abbrev  0x00000cba      0x264 ./Drivers/STM32F4xx_HAL_Driver/Src/stm32f4xx_hal_dma.o
 .debug_abbrev  0x00000f1e      0x1d4 ./Drivers/STM32F4xx_HAL_Driver/Src/stm32f4xx_hal_gpio.o
 .debug_abbrev  0x000010f2      0x2b6 ./Drivers/STM32F4xx_HAL_Driver/Src/stm32f4xx_hal_rcc.o
 .debug_abbrev  0x000013a8      0x1c4 ./Drivers/STM32F4xx_HAL_Driver/Src/stm32f4xx_hal_rng.o
 .debug_abbrev  0x0000156c      0x278 ./Drivers/STM32F4xx_HAL_Driver/Src/stm32f4xx_hal_tim.o
 .debug_abbrev  0x000017e4      0x283 ./Drivers/STM32F4xx_HAL_Driver/Src/stm32f4xx_hal_tim_ex.o
 .debug_abbrev  0x00001a67      0x30e ./Drivers/STM32F4xx_HAL_Driver/Src/stm32f4xx_hal_uart.o

.debug_aranges  0x00000000      0xcc8
 .debug_aranges
                0x00000000       0x70 ./Core/Src/main.o
 .debug_aranges
                0x00000070       0x50 ./Core/Src/stm32f4xx_hal_msp.o
 .debug_aranges
                0x000000c0       0x70 ./Core/Src/stm32f4xx_it.o
 .debug_aranges
                0x00000130       0x28 ./Core/Src/system_stm32f4xx.o
 .debug_aranges
                0x00000158       0x28 ./Core/Startup/startup_stm32f407vgtx.o
 .debug_aranges
                0x00000180       0xf0 ./Drivers/STM32F4xx_HAL_Driver/Src/stm32f4xx_hal.o
 .debug_aranges
                0x00000270      0x120 ./Drivers/STM32F4xx_HAL_Driver/Src/stm32f4xx_hal_cortex.o
 .debug_aranges
                0x00000390       0x90 ./Drivers/STM32F4xx_HAL_Driver/Src/stm32f4xx_hal_dma.o
 .debug_aranges
                0x00000420       0x58 ./Drivers/STM32F4xx_HAL_Driver/Src/stm32f4xx_hal_gpio.o
 .debug_aranges
                0x00000478       0x88 ./Drivers/STM32F4xx_HAL_Driver/Src/stm32f4xx_hal_rcc.o
 .debug_aranges
                0x00000500       0x88 ./Drivers/STM32F4xx_HAL_Driver/Src/stm32f4xx_hal_rng.o
 .debug_aranges
                0x00000588      0x3d0 ./Drivers/STM32F4xx_HAL_Driver/Src/stm32f4xx_hal_tim.o
 .debug_aranges
                0x00000958      0x168 ./Drivers/STM32F4xx_HAL_Driver/Src/stm32f4xx_hal_tim_ex.o
 .debug_aranges
                0x00000ac0      0x208 ./Drivers/STM32F4xx_HAL_Driver/Src/stm32f4xx_hal_uart.o

.debug_rnglists
                0x00000000      0xa10
 .debug_rnglists
                0x00000000       0x60 ./Core/Src/main.o
 .debug_rnglists
                0x00000060       0x38 ./Core/Src/stm32f4xx_hal_msp.o
 .debug_rnglists
                0x00000098       0x4f ./Core/Src/stm32f4xx_it.o
 .debug_rnglists
                0x000000e7       0x1a ./Core/Src/system_stm32f4xx.o
 .debug_rnglists
                0x00000101       0x19 ./Core/Startup/startup_stm32f407vgtx.o
 .debug_rnglists
                0x0000011a       0xaf ./Drivers/STM32F4xx_HAL_Driver/Src/stm32f4xx_hal.o
 .debug_rnglists
                0x000001c9       0xd4 ./Drivers/STM32F4xx_HAL_Driver/Src/stm32f4xx_hal_cortex.o
 .debug_rnglists
                0x0000029d       0x70 ./Drivers/STM32F4xx_HAL_Driver/Src/stm32f4xx_hal_dma.o
 .debug_rnglists
                0x0000030d       0x3f ./Drivers/STM32F4xx_HAL_Driver/Src/stm32f4xx_hal_gpio.o
 .debug_rnglists
                0x0000034c       0x66 ./Drivers/STM32F4xx_HAL_Driver/Src/stm32f4xx_hal_rcc.o
 .debug_rnglists
                0x000003b2       0x63 ./Drivers/STM32F4xx_HAL_Driver/Src/stm32f4xx_hal_rng.o
 .debug_rnglists
                0x00000415      0x31a ./Drivers/STM32F4xx_HAL_Driver/Src/stm32f4xx_hal_tim.o
 .debug_rnglists
                0x0000072f      0x125 ./Drivers/STM32F4xx_HAL_Driver/Src/stm32f4xx_hal_tim_ex.o
 .debug_rnglists
                0x00000854      0x1bc ./Drivers/STM32F4xx_HAL_Driver/Src/stm32f4xx_hal_uart.o

.debug_macro    0x00000000    0x204e1
 .debug_macro   0x00000000      0x1e2 ./Core/Src/main.o
 .debug_macro   0x000001e2      0xab4 ./Core/Src/main.o
 .debug_macro   0x00000c96      0x2a1 ./Core/Src/main.o
 .debug_macro   0x00000f37       0x2e ./Core/Src/main.o
 .debug_macro   0x00000f65       0x2f ./Core/Src/main.o
 .debug_macro   0x00000f94       0x22 ./Core/Src/main.o
 .debug_macro   0x00000fb6       0x8e ./Core/Src/main.o
 .debug_macro   0x00001044       0x51 ./Core/Src/main.o
 .debug_macro   0x00001095      0x103 ./Core/Src/main.o
 .debug_macro   0x00001198       0x6a ./Core/Src/main.o
 .debug_macro   0x00001202      0x1df ./Core/Src/main.o
 .debug_macro   0x000013e1       0x1c ./Core/Src/main.o
 .debug_macro   0x000013fd       0x22 ./Core/Src/main.o
 .debug_macro   0x0000141f       0xfb ./Core/Src/main.o
 .debug_macro   0x0000151a     0x1011 ./Core/Src/main.o
 .debug_macro   0x0000252b      0x11f ./Core/Src/main.o
 .debug_macro   0x0000264a    0x15e97 ./Core/Src/main.o
 .debug_macro   0x000184e1       0x6d ./Core/Src/main.o
 .debug_macro   0x0001854e     0x368c ./Core/Src/main.o
 .debug_macro   0x0001bbda      0x189 ./Core/Src/main.o
 .debug_macro   0x0001bd63       0x5c ./Core/Src/main.o
 .debug_macro   0x0001bdbf      0x980 ./Core/Src/main.o
 .debug_macro   0x0001c73f      0x9e9 ./Core/Src/main.o
 .debug_macro   0x0001d128      0x115 ./Core/Src/main.o
 .debug_macro   0x0001d23d      0x13e ./Core/Src/main.o
 .debug_macro   0x0001d37b       0xa5 ./Core/Src/main.o
 .debug_macro   0x0001d420      0x174 ./Core/Src/main.o
 .debug_macro   0x0001d594      0x287 ./Core/Src/main.o
 .debug_macro   0x0001d81b       0x5f ./Core/Src/main.o
 .debug_macro   0x0001d87a      0x236 ./Core/Src/main.o
 .debug_macro   0x0001dab0      0x12c ./Core/Src/main.o
 .debug_macro   0x0001dbdc      0x21e ./Core/Src/main.o
 .debug_macro   0x0001ddfa       0x2e ./Core/Src/main.o
 .debug_macro   0x0001de28      0x127 ./Core/Src/main.o
 .debug_macro   0x0001df4f       0x7e ./Core/Src/main.o
 .debug_macro   0x0001dfcd       0x89 ./Core/Src/main.o
 .debug_macro   0x0001e056       0xa4 ./Core/Src/main.o
 .debug_macro   0x0001e0fa      0x8ed ./Core/Src/main.o
 .debug_macro   0x0001e9e7       0x4d ./Core/Src/main.o
 .debug_macro   0x0001ea34      0x2aa ./Core/Src/main.o
 .debug_macro   0x0001ecde      0x12d ./Core/Src/main.o
 .debug_macro   0x0001ee0b      0x1e2 ./Core/Src/stm32f4xx_hal_msp.o
 .debug_macro   0x0001efed      0x1ec ./Core/Src/stm32f4xx_it.o
 .debug_macro   0x0001f1d9      0x1d8 ./Core/Src/system_stm32f4xx.o
 .debug_macro   0x0001f3b1      0x238 ./Drivers/STM32F4xx_HAL_Driver/Src/stm32f4xx_hal.o
 .debug_macro   0x0001f5e9      0x1d8 ./Drivers/STM32F4xx_HAL_Driver/Src/stm32f4xx_hal_cortex.o
 .debug_macro   0x0001f7c1      0x1de ./Drivers/STM32F4xx_HAL_Driver/Src/stm32f4xx_hal_dma.o
 .debug_macro   0x0001f99f      0x1de ./Drivers/STM32F4xx_HAL_Driver/Src/stm32f4xx_hal_gpio.o
 .debug_macro   0x0001fb7d      0x1fc ./Drivers/STM32F4xx_HAL_Driver/Src/stm32f4xx_hal_rcc.o
 .debug_macro   0x0001fd79      0x1de ./Drivers/STM32F4xx_HAL_Driver/Src/stm32f4xx_hal_rng.o
 .debug_macro   0x0001ff57      0x1d9 ./Drivers/STM32F4xx_HAL_Driver/Src/stm32f4xx_hal_tim.o
 .debug_macro   0x00020130      0x1d8 ./Drivers/STM32F4xx_HAL_Driver/Src/stm32f4xx_hal_tim_ex.o
 .debug_macro   0x00020308      0x1d9 ./Drivers/STM32F4xx_HAL_Driver/Src/stm32f4xx_hal_uart.o

.debug_line     0x00000000     0xe885
 .debug_line    0x00000000      0x985 ./Core/Src/main.o
 .debug_line    0x00000985      0x829 ./Core/Src/stm32f4xx_hal_msp.o
 .debug_line    0x000011ae      0x858 ./Core/Src/stm32f4xx_it.o
 .debug_line    0x00001a06      0x7ea ./Core/Src/system_stm32f4xx.o
 .debug_line    0x000021f0       0x7a ./Core/Startup/startup_stm32f407vgtx.o
 .debug_line    0x0000226a      0xa53 ./Drivers/STM32F4xx_HAL_Driver/Src/stm32f4xx_hal.o
 .debug_line    0x00002cbd      0xd1b ./Drivers/STM32F4xx_HAL_Driver/Src/stm32f4xx_hal_cortex.o
 .debug_line    0x000039d8      0xfc3 ./Drivers/STM32F4xx_HAL_Driver/Src/stm32f4xx_hal_dma.o
 .debug_line    0x0000499b      0xbdf ./Drivers/STM32F4xx_HAL_Driver/Src/stm32f4xx_hal_gpio.o
 .debug_line    0x0000557a      0xdc4 ./Drivers/STM32F4xx_HAL_Driver/Src/stm32f4xx_hal_rcc.o
 .debug_line    0x0000633e      0x9e2 ./Drivers/STM32F4xx_HAL_Driver/Src/stm32f4xx_hal_rng.o
 .debug_line    0x00006d20     0x37f7 ./Drivers/STM32F4xx_HAL_Driver/Src/stm32f4xx_hal_tim.o
 .debug_line    0x0000a517     0x1a49 ./Drivers/STM32F4xx_HAL_Driver/Src/stm32f4xx_hal_tim_ex.o
 .debug_line    0x0000bf60     0x2925 ./Drivers/STM32F4xx_HAL_Driver/Src/stm32f4xx_hal_uart.o

.debug_str      0x00000000    0xc7d25
 .debug_str     0x00000000    0xc4c30 ./Core/Src/main.o
                              0xc4f8f (size before relaxing)
 .debug_str     0x000c4c30      0x5cf ./Core/Src/stm32f4xx_hal_msp.o
                              0xc5107 (size before relaxing)
 .debug_str     0x000c51ff      0x112 ./Core/Src/stm32f4xx_it.o
                              0xc4a11 (size before relaxing)
 .debug_str     0x000c5311       0xdb ./Core/Src/system_stm32f4xx.o
                              0xc438d (size before relaxing)
 .debug_str     0x000c53ec       0x44 ./Core/Startup/startup_stm32f407vgtx.o
                                 0x7c (size before relaxing)
 .debug_str     0x000c5430      0x617 ./Drivers/STM32F4xx_HAL_Driver/Src/stm32f4xx_hal.o
                              0xc4f11 (size before relaxing)
 .debug_str     0x000c5a47      0x333 ./Drivers/STM32F4xx_HAL_Driver/Src/stm32f4xx_hal_cortex.o
                              0xc4c5b (size before relaxing)
 .debug_str     0x000c5d7a      0x323 ./Drivers/STM32F4xx_HAL_Driver/Src/stm32f4xx_hal_dma.o
                              0xc47a7 (size before relaxing)
 .debug_str     0x000c609d      0x10e ./Drivers/STM32F4xx_HAL_Driver/Src/stm32f4xx_hal_gpio.o
                              0xc4508 (size before relaxing)
 .debug_str     0x000c61ab      0x233 ./Drivers/STM32F4xx_HAL_Driver/Src/stm32f4xx_hal_rcc.o
                              0xc47c1 (size before relaxing)
 .debug_str     0x000c63de      0x146 ./Drivers/STM32F4xx_HAL_Driver/Src/stm32f4xx_hal_rng.o
                              0xc448d (size before relaxing)
 .debug_str     0x000c6524      0xdac ./Drivers/STM32F4xx_HAL_Driver/Src/stm32f4xx_hal_tim.o
                              0xc5717 (size before relaxing)
 .debug_str     0x000c72d0      0x493 ./Drivers/STM32F4xx_HAL_Driver/Src/stm32f4xx_hal_tim_ex.o
                              0xc4f23 (size before relaxing)
 .debug_str     0x000c7763      0x5c2 ./Drivers/STM32F4xx_HAL_Driver/Src/stm32f4xx_hal_uart.o
                              0xc4da2 (size before relaxing)

.comment        0x00000000       0x43
 .comment       0x00000000       0x43 ./Core/Src/main.o
                                 0x44 (size before relaxing)
 .comment       0x00000043       0x44 ./Core/Src/stm32f4xx_hal_msp.o
 .comment       0x00000043       0x44 ./Core/Src/stm32f4xx_it.o
 .comment       0x00000043       0x44 ./Core/Src/system_stm32f4xx.o
 .comment       0x00000043       0x44 ./Drivers/STM32F4xx_HAL_Driver/Src/stm32f4xx_hal.o
 .comment       0x00000043       0x44 ./Drivers/STM32F4xx_HAL_Driver/Src/stm32f4xx_hal_cortex.o
 .comment       0x00000043       0x44 ./Drivers/STM32F4xx_HAL_Driver/Src/stm32f4xx_hal_dma.o
 .comment       0x00000043       0x44 ./Drivers/STM32F4xx_HAL_Driver/Src/stm32f4xx_hal_gpio.o
 .comment       0x00000043       0x44 ./Drivers/STM32F4xx_HAL_Driver/Src/stm32f4xx_hal_rcc.o
 .comment       0x00000043       0x44 ./Drivers/STM32F4xx_HAL_Driver/Src/stm32f4xx_hal_rng.o
 .comment       0x00000043       0x44 ./Drivers/STM32F4xx_HAL_Driver/Src/stm32f4xx_hal_tim.o
 .comment       0x00000043       0x44 ./Drivers/STM32F4xx_HAL_Driver/Src/stm32f4xx_hal_tim_ex.o
 .comment       0x00000043       0x44 ./Drivers/STM32F4xx_HAL_Driver/Src/stm32f4xx_hal_uart.o

.debug_frame    0x00000000     0x3608
 .debug_frame   0x00000000      0x17c ./Core/Src/main.o
 .debug_frame   0x0000017c      0x118 ./Core/Src/stm32f4xx_hal_msp.o
 .debug_frame   0x00000294      0x13c ./Core/Src/stm32f4xx_it.o
 .debug_frame   0x000003d0       0x58 ./Core/Src/system_stm32f4xx.o
 .debug_frame   0x00000428      0x374 ./Drivers/STM32F4xx_HAL_Driver/Src/stm32f4xx_hal.o
 .debug_frame   0x0000079c      0x4b8 ./Drivers/STM32F4xx_HAL_Driver/Src/stm32f4xx_hal_cortex.o
 .debug_frame   0x00000c54      0x250 ./Drivers/STM32F4xx_HAL_Driver/Src/stm32f4xx_hal_dma.o
 .debug_frame   0x00000ea4      0x14c ./Drivers/STM32F4xx_HAL_Driver/Src/stm32f4xx_hal_gpio.o
 .debug_frame   0x00000ff0      0x1f4 ./Drivers/STM32F4xx_HAL_Driver/Src/stm32f4xx_hal_rcc.o
 .debug_frame   0x000011e4      0x22c ./Drivers/STM32F4xx_HAL_Driver/Src/stm32f4xx_hal_rng.o
 .debug_frame   0x00001410     0x11c0 ./Drivers/STM32F4xx_HAL_Driver/Src/stm32f4xx_hal_tim.o
 .debug_frame   0x000025d0      0x638 ./Drivers/STM32F4xx_HAL_Driver/Src/stm32f4xx_hal_tim_ex.o
 .debug_frame   0x00002c08      0x954 ./Drivers/STM32F4xx_HAL_Driver/Src/stm32f4xx_hal_uart.o
 .debug_frame   0x0000355c       0x20 C:/ST/STM32CubeIDE_1.16.0/STM32CubeIDE/plugins/com.st.stm32cube.ide.mcu.externaltools.gnu-tools-for-stm32.12.3.rel1.win32_1.0.200.202406191623/tools/bin/../lib/gcc/arm-none-eabi/12.3.1/../../../../arm-none-eabi/lib/thumb/v7e-m+fp/hard\libc_nano.a(libc_a-memset.o)
 .debug_frame   0x0000357c       0x2c C:/ST/STM32CubeIDE_1.16.0/STM32CubeIDE/plugins/com.st.stm32cube.ide.mcu.externaltools.gnu-tools-for-stm32.12.3.rel1.win32_1.0.200.202406191623/tools/bin/../lib/gcc/arm-none-eabi/12.3.1/../../../../arm-none-eabi/lib/thumb/v7e-m+fp/hard\libc_nano.a(libc_a-init.o)
 .debug_frame   0x000035a8       0x2c C:/ST/STM32CubeIDE_1.16.0/STM32CubeIDE/plugins/com.st.stm32cube.ide.mcu.externaltools.gnu-tools-for-stm32.12.3.rel1.win32_1.0.200.202406191623/tools/bin/../lib/gcc/arm-none-eabi/12.3.1/thumb/v7e-m+fp/hard\libgcc.a(_aeabi_uldivmod.o)
 .debug_frame   0x000035d4       0x34 C:/ST/STM32CubeIDE_1.16.0/STM32CubeIDE/plugins/com.st.stm32cube.ide.mcu.externaltools.gnu-tools-for-stm32.12.3.rel1.win32_1.0.200.202406191623/tools/bin/../lib/gcc/arm-none-eabi/12.3.1/thumb/v7e-m+fp/hard\libgcc.a(_udivmoddi4.o)

.debug_line_str
                0x00000000       0x60
 .debug_line_str
                0x00000000       0x60 ./Core/Startup/startup_stm32f407vgtx.o
