../Core/Src/main.c:74:9:Generate_Random_Number	16	static
../Core/Src/main.c:90:6:HAL_UART_RxCpltCallback	24	static
../Core/Src/main.c:104:6:HAL_TIM_PeriodElapsedCallback	16	static
../Core/Src/main.c:112:9:random_led	16	static
../Core/Src/main.c:136:5:main	24	static
../Core/Src/main.c:215:6:SystemClock_Config	88	static
../Core/Src/main.c:262:13:MX_RNG_Init	8	static
../Core/Src/main.c:288:13:MX_TIM4_Init	32	static
../Core/Src/main.c:333:13:MX_USART2_UART_Init	8	static
../Core/Src/main.c:366:13:MX_GPIO_Init	40	static
../Core/Src/main.c:399:6:Error_Handler	4	static,ignoring_inline_asm
